
> @deltachat-desktop/frontend@ test C:\Users\sandbox_713\Documents\gh\deltecho-chat\deltecho-chat\packages\frontend
> jest "src/components/DeepTreeEchoBot/__tests__/DeepTreeEchoBotClass.test.ts"

  console.info
    [early] render/components/DeepTreeEchoBot/LocalIntelligence: Local Intelligence (Innermost Membrane) initialized

      at log (../shared/logger.ts:124:13)

node.exe : FAIL src/components/DeepTreeEchoBot/__tests__/DeepTreeEc
hoBotClass.test.ts (45.044 s)
At C:\Users\sandbox_713\AppData\Roaming\npm\pnpm.ps1:24 char:5
+     & "node$exe"  "$basedir/node_modules/pnpm/bin/pnpm.cjs" $args
+     ~~~~~~~~~~~~~~~~~~~~~~~~~~~~~~~~~~~~~~~~~~~~~~~~~~~~~~~~~~~~~
    + CategoryInfo          : NotSpecified: (FAIL src/compon...t.t 
   s (45.044 s):String) [], RemoteException
    + FullyQualifiedErrorId : NativeCommandError
 
  DeepTreeEchoBot Class
    ├ù should process message with images using VisionProcessor (7 
ms)
    ├ù should fallback to text-only if vision disabled (4 ms)

  ÔùÅ DeepTreeEchoBot Class ÔÇ║ should process message with images 
using VisionProcessor

    TypeError: AgenticLLMService_1.AgenticLLMService.getInstance 
is not a function

    [0m [90m 72 |[39m     [36mthis[39m[33m.[39mpersonaCore 
[33m=[39m [33mPersonaCore[39m[33m.[39mgetInstance()
     [90m 73 |[39m     [36mthis[39m[33m.[39mselfReflection 
[33m=[39m [33mSelfReflection[39m[33m.[39mgetInstance()
    [31m[1m>[22m[39m[90m 74 |[39m     
[36mthis[39m[33m.[39magenticService [33m=[39m 
[33mAgenticLLMService[39m[33m.[39mgetInstance()
     [90m    |[39m                                             
[31m[1m^[22m[39m
     [90m 75 |[39m     [36mthis[39m[33m.[39mtoolExecutor 
[33m=[39m [33mAgentToolExecutor[39m[33m.[39mgetInstance()
     [90m 76 |[39m
     [90m 77 |[39m     [90m// Configure components based on 
options[39m[0m

      at new DeepTreeEchoBot 
(src/components/DeepTreeEchoBot/DeepTreeEchoBot.ts:74:45)
      at Object.<anonymous> (src/components/DeepTreeEchoBot/__tests
__/DeepTreeEchoBotClass.test.ts:67:15)

  ÔùÅ DeepTreeEchoBot Class ÔÇ║ should fallback to text-only if 
vision disabled

    TypeError: AgenticLLMService_1.AgenticLLMService.getInstance 
is not a function

    [0m [90m 72 |[39m     [36mthis[39m[33m.[39mpersonaCore 
[33m=[39m [33mPersonaCore[39m[33m.[39mgetInstance()
     [90m 73 |[39m     [36mthis[39m[33m.[39mselfReflection 
[33m=[39m [33mSelfReflection[39m[33m.[39mgetInstance()
    [31m[1m>[22m[39m[90m 74 |[39m     
[36mthis[39m[33m.[39magenticService [33m=[39m 
[33mAgenticLLMService[39m[33m.[39mgetInstance()
     [90m    |[39m                                             
[31m[1m^[22m[39m
     [90m 75 |[39m     [36mthis[39m[33m.[39mtoolExecutor 
[33m=[39m [33mAgentToolExecutor[39m[33m.[39mgetInstance()
     [90m 76 |[39m
     [90m 77 |[39m     [90m// Configure components based on 
options[39m[0m

      at new DeepTreeEchoBot 
(src/components/DeepTreeEchoBot/DeepTreeEchoBot.ts:74:45)
      at Object.<anonymous> (src/components/DeepTreeEchoBot/__tests
__/DeepTreeEchoBotClass.test.ts:100:15)

Test Suites: 1 failed, 1 total
Tests:       2 failed, 2 total
Snapshots:   0 total
Time:        50.476 s
Ran all test suites matching /src\\components\\DeepTreeEchoBot\\__t
ests__\\DeepTreeEchoBotClass.test.ts/i.
C:\Users\sandbox_713\Documents\gh\deltecho-chat\deltecho-chat\packages\frontend:
ÔÇëERR_PNPM_RECURSIVE_RUN_FIRST_FAILÔÇë @deltachat-desktop/frontend@ test: `jest "src/components/DeepTreeEchoBot/__tests__/DeepTreeEchoBotClass.test.ts"`
Exit status 1
